2026-09-08T16:14:59.485-06:00  INFO 21120 --- [InterMaps] [restartedMain] com.intermaps.InterMapsApplication       : Starting InterMapsApplication using Java 25.0.4.1 with PID 21120 (/home/hector/projects/personal/inter-maps/backend/target/classes started by hector in /home/hector/projects/personal/inter-maps/backend)
2026-09-08T16:14:59.490-06:00  INFO 21120 --- [InterMaps] [restartedMain] com.intermaps.InterMapsApplication       : No active profile set, falling back to 1 default profile: "default"
2026-09-08T16:14:59.524-06:00  INFO 21120 --- [InterMaps] [restartedMain] .e.DevToolsPropertyDefaultsPostProcessor : Devtools property defaults active! Set 'spring.devtools.add-properties' to 'false' to disable
2026-09-08T16:14:59.524-06:00  INFO 21120 --- [InterMaps] [restartedMain] .e.DevToolsPropertyDefaultsPostProcessor : For additional web related logging consider setting the 'logging.level.web' property to 'DEBUG'
2026-09-08T16:14:59.988-06:00  INFO 21120 --- [InterMaps] [restartedMain] .s.d.r.c.RepositoryConfigurationDelegate : Bootstrapping Spring Data JPA repositories in DEFAULT mode.
2026-09-08T16:15:00.030-06:00  INFO 21120 --- [InterMaps] [restartedMain] .s.d.r.c.RepositoryConfigurationDelegate : Finished Spring Data repository scanning in 36 ms. Found 5 JPA repository interfaces.
2026-09-08T16:15:00.422-06:00  INFO 21120 --- [InterMaps] [restartedMain] o.s.boot.tomcat.TomcatWebServer          : Tomcat initialized with port 8080 (http)
2026-09-08T16:15:00.434-06:00  INFO 21120 --- [InterMaps] [restartedMain] o.apache.catalina.core.StandardService   : Starting service [Tomcat]
2026-09-08T16:15:00.435-06:00  INFO 21120 --- [InterMaps] [restartedMain] o.apache.catalina.core.StandardEngine    : Starting Servlet engine: [Apache Tomcat/11.0.22]
2026-09-08T16:15:00.457-06:00  INFO 21120 --- [InterMaps] [restartedMain] b.w.c.s.WebApplicationContextInitializer : Root WebApplicationContext: initialization completed in 932 ms
2026-09-08T16:15:00.527-06:00  INFO 21120 --- [InterMaps] [restartedMain] com.zaxxer.hikari.HikariDataSource       : HikariPool-1 - Starting...
2026-09-08T16:15:00.590-06:00  INFO 21120 --- [InterMaps] [restartedMain] com.zaxxer.hikari.pool.HikariPool        : HikariPool-1 - Added connection org.sqlite.jdbc4.JDBC4Connection@7ba781c4
2026-09-08T16:15:00.592-06:00  INFO 21120 --- [InterMaps] [restartedMain] com.zaxxer.hikari.HikariDataSource       : HikariPool-1 - Start completed.
2026-09-08T16:15:00.694-06:00  INFO 21120 --- [InterMaps] [restartedMain] org.hibernate.orm.jpa                    : HHH008540: Processing PersistenceUnitInfo [name: default]
2026-09-08T16:15:00.739-06:00  INFO 21120 --- [InterMaps] [restartedMain] org.hibernate.orm.core                   : HHH000001: Hibernate ORM core version 7.4.1.Final
2026-09-08T16:15:01.030-06:00  INFO 21120 --- [InterMaps] [restartedMain] o.s.o.j.p.SpringPersistenceUnitInfo      : No LoadTimeWeaver setup: ignoring JPA class transformer
2026-09-08T16:15:01.071-06:00  INFO 21120 --- [InterMaps] [restartedMain] org.hibernate.orm.connections.pooling    : HHH10001005: Database info:
	Database JDBC URL [jdbc:sqlite:intermaps.db]
	Database driver: SQLite JDBC
	Database dialect: SQLiteDialect
	Database version: 3.53.2
	Default catalog/schema: undefined/undefined
	Autocommit mode: undefined/unknown
	Isolation level: SERIALIZABLE [default SERIALIZABLE]
	JDBC fetch size: none
	Pool: DataSourceConnectionProvider
	Minimum pool size: undefined/unknown
	Maximum pool size: undefined/unknown
2026-09-08T16:15:01.615-06:00  INFO 21120 --- [InterMaps] [restartedMain] org.hibernate.orm.core                   : HHH000489: No JTA platform available (set 'hibernate.transaction.jta.platform' to enable JTA platform integration)
2026-09-08T16:15:01.620-06:00  INFO 21120 --- [InterMaps] [restartedMain] j.LocalContainerEntityManagerFactoryBean : Initialized JPA EntityManagerFactory for persistence unit 'default'
2026-09-08T16:15:01.675-06:00  INFO 21120 --- [InterMaps] [restartedMain] o.s.d.j.r.query.QueryEnhancerFactories   : Hibernate is in classpath; If applicable, HQL parser will be used.
2026-09-08T16:15:02.251-06:00  WARN 21120 --- [InterMaps] [restartedMain] JpaBaseConfiguration$JpaWebConfiguration : spring.jpa.open-in-view is enabled by default. Therefore, database queries may be performed during view rendering. Explicitly configure spring.jpa.open-in-view to disable this warning
2026-09-08T16:15:02.428-06:00  INFO 21120 --- [InterMaps] [restartedMain] o.s.boot.tomcat.TomcatWebServer          : Tomcat started on port 8080 (http) with context path '/'
2026-09-08T16:15:02.432-06:00  INFO 21120 --- [InterMaps] [restartedMain] com.intermaps.InterMapsApplication       : Started InterMapsApplication in 3.245 seconds (process running for 3.541)
2026-09-08T16:15:02.434-06:00  INFO 21120 --- [InterMaps] [restartedMain] c.i.service.CatalogoIngestionService     : Iniciando la carga de edificios y espacios...
2026-09-08T16:15:02.964-06:00  INFO 21120 --- [InterMaps] [restartedMain] c.i.service.CatalogoIngestionService     : Edificios, plantas y espacios cargados correctamente.
2026-09-08T16:15:03.725-06:00 ERROR 21120 --- [InterMaps] [restartedMain] c.i.service.MapaIngestionService         : Inconsistencia de datos: El GeoJSON dice '1' pero no existe ese Edificio en la base de datos.
2026-09-08T16:15:03.728-06:00 ERROR 21120 --- [InterMaps] [restartedMain] c.i.service.MapaIngestionService         : Inconsistencia de datos: El GeoJSON dice 'g' pero no existe ese Edificio en la base de datos.
2026-09-08T16:15:03.729-06:00 ERROR 21120 --- [InterMaps] [restartedMain] c.i.service.MapaIngestionService         : Inconsistencia de datos: El GeoJSON dice 'c' pero no existe ese Edificio en la base de datos.
2026-09-08T16:15:03.730-06:00 ERROR 21120 --- [InterMaps] [restartedMain] c.i.service.MapaIngestionService         : Inconsistencia de datos: El GeoJSON dice '23' pero no existe ese Edificio en la base de datos.
2026-09-08T16:15:03.730-06:00 ERROR 21120 --- [InterMaps] [restartedMain] c.i.service.MapaIngestionService         : Inconsistencia de datos: El GeoJSON dice '24' pero no existe ese Edificio en la base de datos.
2026-09-08T16:15:03.731-06:00 ERROR 21120 --- [InterMaps] [restartedMain] c.i.service.MapaIngestionService         : Inconsistencia de datos: El GeoJSON dice '20' pero no existe ese Edificio en la base de datos.
2026-09-08T16:15:03.731-06:00 ERROR 21120 --- [InterMaps] [restartedMain] c.i.service.MapaIngestionService         : Inconsistencia de datos: El GeoJSON dice '14' pero no existe ese Edificio en la base de datos.
2026-09-08T16:15:03.732-06:00 ERROR 21120 --- [InterMaps] [restartedMain] c.i.service.MapaIngestionService         : Inconsistencia de datos: El GeoJSON dice '15' pero no existe ese Edificio en la base de datos.
2026-09-08T16:15:03.733-06:00 ERROR 21120 --- [InterMaps] [restartedMain] c.i.service.MapaIngestionService         : Inconsistencia de datos: El GeoJSON dice '15' pero no existe ese Edificio en la base de datos.
2026-09-08T16:15:03.734-06:00 ERROR 21120 --- [InterMaps] [restartedMain] c.i.service.MapaIngestionService         : Inconsistencia de datos: El GeoJSON dice '15' pero no existe ese Edificio en la base de datos.
2026-09-08T16:15:03.734-06:00 ERROR 21120 --- [InterMaps] [restartedMain] c.i.service.MapaIngestionService         : Inconsistencia de datos: El GeoJSON dice '15' pero no existe ese Edificio en la base de datos.
2026-09-08T16:15:03.735-06:00 ERROR 21120 --- [InterMaps] [restartedMain] c.i.service.MapaIngestionService         : Inconsistencia de datos: El GeoJSON dice '15' pero no existe ese Edificio en la base de datos.
2026-09-08T16:15:03.735-06:00 ERROR 21120 --- [InterMaps] [restartedMain] c.i.service.MapaIngestionService         : Inconsistencia de datos: El GeoJSON dice '22' pero no existe ese Edificio en la base de datos.
2026-09-08T16:15:03.736-06:00 ERROR 21120 --- [InterMaps] [restartedMain] c.i.service.MapaIngestionService         : Inconsistencia de datos: El GeoJSON dice '18' pero no existe ese Edificio en la base de datos.
2026-09-08T16:15:03.736-06:00 ERROR 21120 --- [InterMaps] [restartedMain] c.i.service.MapaIngestionService         : Inconsistencia de datos: El GeoJSON dice '3' pero no existe ese Edificio en la base de datos.
2026-09-08T16:15:03.737-06:00 ERROR 21120 --- [InterMaps] [restartedMain] c.i.service.MapaIngestionService         : Inconsistencia de datos: El GeoJSON dice '3' pero no existe ese Edificio en la base de datos.
2026-09-08T16:15:03.737-06:00 ERROR 21120 --- [InterMaps] [restartedMain] c.i.service.MapaIngestionService         : Inconsistencia de datos: El GeoJSON dice '5' pero no existe ese Edificio en la base de datos.
2026-09-08T16:15:03.738-06:00 ERROR 21120 --- [InterMaps] [restartedMain] c.i.service.MapaIngestionService         : Inconsistencia de datos: El GeoJSON dice '5' pero no existe ese Edificio en la base de datos.
2026-09-08T16:15:03.738-06:00 ERROR 21120 --- [InterMaps] [restartedMain] c.i.service.MapaIngestionService         : Inconsistencia de datos: El GeoJSON dice '6' pero no existe ese Edificio en la base de datos.
2026-09-08T16:15:03.739-06:00 ERROR 21120 --- [InterMaps] [restartedMain] c.i.service.MapaIngestionService         : Inconsistencia de datos: El GeoJSON dice '7' pero no existe ese Edificio en la base de datos.
2026-09-08T16:15:03.740-06:00 ERROR 21120 --- [InterMaps] [restartedMain] c.i.service.MapaIngestionService         : Inconsistencia de datos: El GeoJSON dice '8' pero no existe ese Edificio en la base de datos.
2026-09-08T16:15:03.741-06:00 ERROR 21120 --- [InterMaps] [restartedMain] c.i.service.MapaIngestionService         : Inconsistencia de datos: El GeoJSON dice '8' pero no existe ese Edificio en la base de datos.
2026-09-08T16:15:03.741-06:00 ERROR 21120 --- [InterMaps] [restartedMain] c.i.service.MapaIngestionService         : Inconsistencia de datos: El GeoJSON dice '9' pero no existe ese Edificio en la base de datos.
2026-09-08T16:15:03.741-06:00 ERROR 21120 --- [InterMaps] [restartedMain] c.i.service.MapaIngestionService         : Inconsistencia de datos: El GeoJSON dice '9' pero no existe ese Edificio en la base de datos.
2026-09-08T16:15:03.742-06:00 ERROR 21120 --- [InterMaps] [restartedMain] c.i.service.MapaIngestionService         : Inconsistencia de datos: El GeoJSON dice '19' pero no existe ese Edificio en la base de datos.
2026-09-08T16:15:03.742-06:00 ERROR 21120 --- [InterMaps] [restartedMain] c.i.service.MapaIngestionService         : Inconsistencia de datos: El GeoJSON dice '19' pero no existe ese Edificio en la base de datos.
2026-09-08T16:15:03.743-06:00 ERROR 21120 --- [InterMaps] [restartedMain] c.i.service.MapaIngestionService         : Inconsistencia de datos: El GeoJSON dice '19' pero no existe ese Edificio en la base de datos.
2026-09-08T16:15:03.744-06:00 ERROR 21120 --- [InterMaps] [restartedMain] c.i.service.MapaIngestionService         : Inconsistencia de datos: El GeoJSON dice '16' pero no existe ese Edificio en la base de datos.
2026-09-08T16:15:03.745-06:00 ERROR 21120 --- [InterMaps] [restartedMain] c.i.service.MapaIngestionService         : Inconsistencia de datos: El GeoJSON dice '12' pero no existe ese Edificio en la base de datos.
2026-09-08T16:15:03.746-06:00 ERROR 21120 --- [InterMaps] [restartedMain] c.i.service.MapaIngestionService         : Inconsistencia de datos: El GeoJSON dice '10' pero no existe ese Edificio en la base de datos.
2026-09-08T16:15:03.746-06:00 ERROR 21120 --- [InterMaps] [restartedMain] c.i.service.MapaIngestionService         : Inconsistencia de datos: El GeoJSON dice '11' pero no existe ese Edificio en la base de datos.
2026-09-08T16:15:03.746-06:00  INFO 21120 --- [InterMaps] [restartedMain] c.i.service.MapaIngestionService         : Ingesta topológica completada exitosamente.
